To honour the JVM settings for this build a single-use Daemon process will be forked. For more on this, please refer to https://docs.gradle.org/8.8/userguide/gradle_daemon.html#sec:disabling_the_daemon in the Gradle documentation.
Daemon will be stopped at the end of the build 
> Task :createMinecraftArtifacts UP-TO-DATE
> Task :skds_core:createMinecraftArtifacts UP-TO-DATE
> Task :skds_core:compileJava UP-TO-DATE
> Task :compileJava UP-TO-DATE
> Task :processResources UP-TO-DATE
> Task :classes UP-TO-DATE
> Task :jarJar NO-SOURCE
> Task :jar
> Task :assemble
> Task :compileTestJava NO-SOURCE
> Task :processTestResources NO-SOURCE
> Task :testClasses UP-TO-DATE
> Task :skds_core:processResources UP-TO-DATE
> Task :skds_core:classes UP-TO-DATE
> Task :skds_core:jarJar NO-SOURCE
> Task :skds_core:jar
> Task :test NO-SOURCE
> Task :check UP-TO-DATE
> Task :build
> Task :skds_core:assemble
> Task :skds_core:compileTestJava NO-SOURCE
> Task :skds_core:processTestResources NO-SOURCE
> Task :skds_core:testClasses UP-TO-DATE
> Task :skds_core:test NO-SOURCE
> Task :skds_core:check UP-TO-DATE
> Task :skds_core:build

BUILD SUCCESSFUL in 7s
8 actionable tasks: 2 executed, 6 up-to-date
